package b

// TestWithPolicyNoReferences tests the linter with PolicyNoReferences (strict mode)
// In this mode, all reference-related words (Reference/References/Ref/Refs) are removed
type TestWithPolicyNoReferences struct {
	// Fields ending with Reference should be flagged
	Node string `json:"node"` // want `naming convention "no-references": field NodeReference: field names should not contain reference-related words`

	// Fields ending with References should be flagged
	Config []string `json:"config"` // want `naming convention "no-references": field ConfigReferences: field names should not contain reference-related words`

	// Fields with Reference at beginning should be flagged
	Count int `json:"count"` // want `naming convention "no-references": field ReferenceCount: field names should not contain reference-related words`

	// Fields with References at beginning should be flagged
	Data []string `json:"data"` // want `naming convention "no-references": field ReferencesData: field names should not contain reference-related words`

	// Fields ending with Ref should be flagged
	Pod string `json:"pod"` // want `naming convention "no-references": field PodRef: field names should not contain reference-related words`

	// Fields ending with Refs should be flagged
	Container []string `json:"container"` // want `naming convention "no-references": field ContainerRefs: field names should not contain reference-related words`

	// Fields starting with Ref should be flagged
	Status string `json:"status"` // want `naming convention "no-references": field RefStatus: field names should not contain reference-related words`

	// Fields starting with Refs should be flagged
	Total int `json:"total"` // want `naming convention "no-references": field RefsTotal: field names should not contain reference-related words`

	// Normal fields should not be flagged
	Name string `json:"name"`

	Namespace string `json:"namespace"`

	// Edge cases - "erence" in the middle of a word is not flagged (only start/end boundaries)
	PreferenceType string `json:"preferenceType"`

	// But "Preferences" ending with 's' after "erence" IS flagged since it ends with "ences"
	P map[string]string `json:"p,omitempty"` // want `naming convention "no-references": field Preferences: field names should not contain reference-related words`
}
