/*
Copyright 2025 The Kubernetes Authors.

Licensed under the Apache License, Version 2.0 (the "License");
you may not use this file except in compliance with the License.
You may obtain a copy of the License at

	http://www.apache.org/licenses/LICENSE-2.0

Unless required by applicable law or agreed to in writing, software
distributed under the License is distributed on an "AS IS" BASIS,
WITHOUT WARRANTIES OR CONDITIONS OF ANY KIND, either express or implied.
See the License for the specific language governing permissions and
limitations under the License.
*/
package c

// +kubebuilder:validation:MinProperties=1
type ValidTypeMarkers struct {
	// +optional
	Name string `json:"name"`
}

// +kubebuilder:MinProperties=1
// +kubebuilder:validation:items:ExactlyOneOf={field1}
type InvalidTypeMarkers struct {
	// +kubebuilder:validation:Required
	Name string `json:"name"`
}

type FieldMarkerTest struct {
	// +required
	// +kubebuilder:validation:MinProperties=1
	ValidMinPropertiesField map[string]string `json:"validMinPropertiesField"`

	// +required
	ValidMinPropertiesField2 []string `json:"validMinPropertiesField2"`

	// +required	
	InvalidTypeMarker InvalidTypeMarkers `json:"invalidTypeMarker"`
}

// +kubebuilder:validation:MinProperties=1
type MapType map[string]string

// +kubebuilder:validation:MaxLength=10
type StringType string

type MapTypeFieldTest struct {
	ValidMinPropertiesField MapType `json:"validMinPropertiesField"`

	ValidMaxLengthField StringType `json:"validMaxLengthField"`
}
